*To check details
$ git config --list
$ git config --get user.name
 
$ git config --global user.emil "yourGmailId@gmail.com" 

$ git config --global user.password "1234321"
#To save the credentials forever
$ git config --global credential.helper store

$ git config --global --unset user.name
$ git config --global --unset user.email
$ git config --global --unset credential.helper

clear 

$ git init
Initialized empty Git repository in D:/git/.git/


$ git status
On branch master

No commits yet

Untracked files:
  (use "git add <file>..." to include in what will be committed)
        hello.java

nothing added to commit but untracked files present (use "git add" to track)


$ git add .

$ git status
On branch master

No commits yet

Changes to be committed:
  (use "git rm --cached <file>..." to unstage)
        new file:   hello.java


$ git commit -m "Added file"
[master (root-commit) 0650e0c] Added file
 1 file changed, 7 insertions(+)
 create mode 100644 hello.java

$ git status
On branch master
nothing to commit, working tree clean




